Layer 1 Tile  6             direct photons -  mean=  1.48  sigma=  5.06  np= 1
Layer 1 Tile  7             direct photons -  mean=  1.48  sigma=  5.09  np= 1
Layer 1 Tile 12             direct photons -  mean= -1.95  sigma=  4.72  np= 1
Layer 1 Tile 13             direct photons -  mean= -1.52  sigma=  4.64  np= 1
Layer 1 Tile 21             direct photons -  mean= -3.83  sigma=  4.19  np= 1
Layer 1 Tile 22             direct photons -  mean= -2.81  sigma=  4.66  np= 1
Layer 1 Tile 23             direct photons -  mean= -2.28  sigma=  4.73  np= 1
Layer 1 Tile 24             direct photons -  mean= -2.04  sigma=  4.86  np= 1
Layer 1 Tile 25             direct photons -  mean= -1.55  sigma=  4.70  np= 1
Layer 1 Tile 26             direct photons -  mean= -1.48  sigma=  4.70  np= 1
Layer 1 Tile 27             direct photons -  mean= -1.05  sigma=  4.75  np= 1
Layer 1 Tile 28             direct photons -  mean= -1.03  sigma=  4.77  np= 1
Layer 1 Tile 12           1 reflection A2R -  mean= -1.44  sigma=  5.13  np= 1
Layer 1 Tile 22           1 reflection A2R -  mean= -1.96  sigma=  5.20  np= 1
Layer 1 Tile 13                      other -  mean=  1.69  sigma=  5.13  np= 1
Layer 1 Tile 21                      other -  mean=  1.97  sigma=  6.11  np= 1
Layer 1 Tile 22                      other -  mean=  1.26  sigma=  5.71  np= 1
Layer 1 Tile 27                      other -  mean= -0.86  sigma=  5.50  np= 1
Layer 1 Tile 24        2 reflections S9+B1 -  mean= -1.25  sigma=  3.97  np= 1
Layer 1 Tile 25        2 reflections S9+B1 -  mean= -1.39  sigma=  4.82  np= 1
Layer 1 Tile  3        2 reflections S9+B2 -  mean=-11.62  sigma=  6.35  np= 1
Layer 1 Tile  4        2 reflections S9+B2 -  mean= -9.65  sigma=  8.82  np= 1
Layer 1 Tile  5        2 reflections S9+B2 -  mean=-11.61  sigma=  6.59  np= 1
Layer 1 Tile  6        2 reflections S9+B2 -  mean=-11.68  sigma=  5.81  np= 1
Layer 1 Tile 12        2 reflections S9+B2 -  mean= -7.61  sigma=  8.62  np= 1
Layer 1 Tile 13        2 reflections S9+B2 -  mean=-11.14  sigma=  7.37  np= 1
Layer 1 Tile 14        2 reflections S9+B2 -  mean=-11.62  sigma=  7.22  np= 1
Layer 1 Tile 15        2 reflections S9+B2 -  mean=-11.88  sigma=  6.50  np= 1
Layer 1 Tile 16        2 reflections S9+B2 -  mean=-11.56  sigma=  5.89  np= 1
Layer 1 Tile 17        2 reflections S9+B2 -  mean=-10.21  sigma=  7.77  np= 1
Layer 1 Tile 21        2 reflections S9+B2 -  mean= -8.90  sigma=  5.25  np= 1
Layer 1 Tile 22        2 reflections S9+B2 -  mean=-10.28  sigma=  6.81  np= 1
Layer 1 Tile 23        2 reflections S9+B2 -  mean= -8.77  sigma=  7.74  np= 1
Layer 1 Tile 24        2 reflections S9+B2 -  mean= -8.79  sigma=  7.51  np= 1
Layer 1 Tile 25        2 reflections S9+B2 -  mean= -9.19  sigma=  7.28  np= 1
Layer 1 Tile 26        2 reflections S9+B2 -  mean= -9.86  sigma=  6.82  np= 1
Layer 1 Tile 27        2 reflections S9+B2 -  mean=-10.91  sigma=  5.49  np= 1
Layer 1 Tile 28        2 reflections S9+B2 -  mean=-12.89  sigma=  4.76  np= 1
